[shurl.club/index.html]
[backblue.gif]
[fade.gif]
[index.html]
[shurl.club/content/favicon.png]
[ajax.googleapis.com/ajax/libs/jquery/2.0.3/jquery.min.js]
[cdnjs.cloudflare.com/ajax/libs/datepicker/0.6.4/datepicker.min208f.js]
[cdnjs.cloudflare.com/ajax/libs/datepicker/0.6.4/datepicker.min208f.css]
[cdnjs.cloudflare.com/ajax/libs/chosen/1.1.0/chosen.jquery.min9f1e.js]
[cdnjs.cloudflare.com/ajax/libs/iCheck/1.0.1/icheck.minf700.js]
[cdnjs.cloudflare.com/ajax/libs/clipboard.js/1.5.15/clipboard.min19cd.js]
[cdnjs.cloudflare.com/ajax/libs/cookieconsent2/3.0.3/cookieconsent.min4c20.js]
[cdnjs.cloudflare.com/ajax/libs/cookieconsent2/3.0.3/cookieconsent.min4c20.css]
[cdnjs.cloudflare.com/ajax/libs/jquery.devbridge-autocomplete/1.4.10/jquery.autocomplete.mind38a.js]
[cdnjs.cloudflare.com/ajax/libs/pace/0.4.17/pace95fa.js]
[shurl.club/themes/infinity/fonts/Material-Design-Iconic-Fontd1f1.woff]
[shurl.club/themes/infinity/fonts/Material-Design-Iconic-Fontd1f1.ttf]
[shurl.club/content/auto_site_logo.png]
[shurl.club/pricing.html]
[shurl.club/blog.html]
[shurl.club/user/login.html]
[shurl.club/user/register.html]
[shurl.club/themes/infinity/img/back.jpg]
[shurl.club/themes/infinity/img/lock.png]
[shurl.club/themes/infinity/img/globe.png]
[shurl.club/themes/infinity/img/case.png]
[shurl.club/themes/infinity/img/stats.png]
[shurl.club/themes/infinity/img/dashboard.png]
[shurl.club/page/terms.html]
[shurl.club/contact.html]
[shurl.club/themes/infinity/assets/js/bootstrap.min.js]
[shurl.club/index9ed2.html]
[shurl.club/themes/infinity/assets/js/application.fn.js]
[shurl.club/themes/infinity/assets/js/application.js]
[shurl.club/themes/infinity/assets/js/server.js]
[shurl.club/themes/infinity/assets/js/snackbar.min.js]
[shurl.club/themes/infinity/assets/js/main.js]
[shurl.club/index.html]
[shurl.club/static/fonts/glyphicons-halflings-regular.eot]
[shurl.club/static/fonts/glyphicons-halflings-regulard41d.eot]
[shurl.club/static/fonts/glyphicons-halflings-regular.woff]
[shurl.club/static/fonts/glyphicons-halflings-regular.ttf]
[shurl.club/static/css/bootstrap.min.css]
[shurl.club/themes/infinity/style.css]
[shurl.club/themes/infinity/css/material-design-iconic-font.min.css]
[shurl.club/themes/infinity/css/snackbar.min.css]
[shurl.club/static/css/img/chosen-sprite.png]
[shurl.club/static/css/img/chosen-sprite@2x.png]
[shurl.club/static/css/img/flat.png]
[shurl.club/static/css/img/flat@2x.png]
[shurl.club/static/css/img/red.png]
[shurl.club/static/css/img/red@2x.png]
[shurl.club/static/css/img/green.png]
[shurl.club/static/css/img/green@2x.png]
[shurl.club/static/css/img/blue.png]
[shurl.club/static/css/img/blue@2x.png]
[shurl.club/static/css/img/aero.png]
[shurl.club/static/css/img/aero@2x.png]
[shurl.club/static/css/img/grey.png]
[shurl.club/static/css/img/grey@2x.png]
[shurl.club/static/css/img/orange.png]
[shurl.club/static/css/img/orange@2x.png]
[shurl.club/static/css/img/yellow.png]
[shurl.club/static/css/img/yellow@2x.png]
[shurl.club/static/css/img/pink.png]
[shurl.club/static/css/img/pink@2x.png]
[shurl.club/static/css/img/purple.png]
[shurl.club/static/css/img/purple@2x.png]
[shurl.club/static/css/components.min.css]
[shurl.club/static/webfonts/fa-brands-400.eot]
[shurl.club/static/webfonts/fa-brands-400d41d.eot]
[shurl.club/static/webfonts/fa-brands-400.woff]
[shurl.club/static/webfonts/fa-brands-400.ttf]
[shurl.club/static/webfonts/fa-regular-400.eot]
[shurl.club/static/webfonts/fa-regular-400d41d.eot]
[shurl.club/static/webfonts/fa-regular-400.woff]
[shurl.club/static/webfonts/fa-regular-400.ttf]
[shurl.club/static/webfonts/fa-solid-900.eot]
[shurl.club/static/webfonts/fa-solid-900d41d.eot]
[shurl.club/static/webfonts/fa-solid-900.woff]
[shurl.club/static/webfonts/fa-solid-900.ttf]
[shurl.club/static/css/fa-all.min.css]
[cdnjs.cloudflare.com/ajax/libs/datepicker/0.6.4/datepicker.min208f.css]
[cdnjs.cloudflare.com/ajax/libs/cookieconsent2/3.0.3/cookieconsent.min4c20.css]
[shurl.club/themes/infinity/fonts/Material-Design-Iconic-Fontd1f1.html]
[shurl.club/pricing.html]
[shurl.club/pricing9ed2.html]
[shurl.club/blog.html]
[shurl.club/blog9ed2.html]
[shurl.club/user/login/facebook.56.delayed]
[shurl.club/user/login.html]
[shurl.club/user/register.html]
[shurl.club/page/terms.html]
[shurl.club/page/terms9ed2.html]
[shurl.club/contact.html]
[shurl.club/index9ed2.html]
[shurl.club/static/fonts/glyphicons-halflings-regular.svg]
[shurl.club/static/webfonts/fa-brands-400.html]
[shurl.club/static/webfonts/fa-brands-400.svg]
[shurl.club/static/webfonts/fa-regular-400.html]
[shurl.club/static/webfonts/fa-regular-400.svg]
[shurl.club/static/webfonts/fa-solid-900.html]
[shurl.club/contact9ed2.html]
[shurl.club/static/webfonts/fa-solid-900.svg]
[shurl.club/pricing9ed2.html]
[shurl.club/blog9ed2.html]
[shurl.club/page/terms9ed2.html]
[shurl.club/contact9ed2.html]
